
Merging object attributes


Discarded input sections

 .text          0x00000000        0x0 src/main.o
 .data          0x00000000        0x0 src/main.o
 .bss           0x00000000        0x0 src/main.o
 .text          0x00000000        0x0 src/flash.o
 .data          0x00000000        0x0 src/flash.o
 .bss           0x00000000        0x0 src/flash.o
 .text          0x00000000        0x0 src/image.o
 .data          0x00000000        0x0 src/image.o
 .bss           0x00000000        0x0 src/image.o
 .text          0x00000000        0x0 startup/startup.o
 .data          0x00000000        0x0 startup/startup.o
 .bss           0x00000000        0x0 startup/startup.o

Memory Configuration

Name             Origin             Length             Attributes
FLASH            0x08000000         0x00008000         xr
RAM              0x20000000         0x00020000         xrw
*default*        0x00000000         0xffffffff

Linker script and memory map

LOAD src/main.o
LOAD src/flash.o
LOAD src/image.o
LOAD startup/startup.o
                0x20020000                        _estack = (ORIGIN (RAM) + LENGTH (RAM))

.isr_vector     0x08000000       0x80
                0x08000000                        . = ALIGN (0x80)
 *(.isr_vector)
 .isr_vector    0x08000000       0x40 startup/startup.o
                0x08000080                        . = ALIGN (0x80)
 *fill*         0x08000040       0x40 

.text           0x08000080      0x4b0
 *(.text)
 *(.text.*)
 .text.main     0x08000080       0x24 src/main.o
                0x08000080                main
 .text.flash_unlock
                0x080000a4       0x30 src/flash.o
                0x080000a4                flash_unlock
 .text.flash_lock
                0x080000d4       0x1c src/flash.o
                0x080000d4                flash_lock
 .text.flash_wait_ready
                0x080000f0       0x20 src/flash.o
                0x080000f0                flash_wait_ready
 .text.flash_has_error
                0x08000110       0x24 src/flash.o
                0x08000110                flash_has_error
 .text.flash_erase_sector
                0x08000134       0x98 src/flash.o
                0x08000134                flash_erase_sector
 .text.flash_program_word
                0x080001cc       0xc0 src/flash.o
                0x080001cc                flash_program_word
 .text.image_erase
                0x0800028c      0x13c src/image.o
                0x0800028c                image_erase
 .text.image_program
                0x080003c8      0x124 src/image.o
                0x080003c8                image_program
 .text.Reset_Handler
                0x080004ec       0x40 startup/startup.o
                0x080004ec                Reset_Handler
 .text.Default_Handler
                0x0800052c        0x4 startup/startup.o
                0x0800052c                DebugMon_Handler
                0x0800052c                HardFault_Handler
                0x0800052c                SysTick_Handler
                0x0800052c                PendSV_Handler
                0x0800052c                NMI_Handler
                0x0800052c                UsageFault_Handler
                0x0800052c                Default_Handler
                0x0800052c                MemManage_Handler
                0x0800052c                SVC_Handler
                0x0800052c                BusFault_Handler

.glue_7         0x08000530        0x0
 .glue_7        0x08000530        0x0 linker stubs

.glue_7t        0x08000530        0x0
 .glue_7t       0x08000530        0x0 linker stubs

.vfp11_veneer   0x08000530        0x0
 .vfp11_veneer  0x08000530        0x0 linker stubs

.v4_bx          0x08000530        0x0
 .v4_bx         0x08000530        0x0 linker stubs

.iplt           0x08000530        0x0
 .iplt          0x08000530        0x0 src/main.o

.rodata         0x08000530        0xb
 *(.rodata)
 *(.rodata.*)
 .rodata.test_image
                0x08000530        0xb src/main.o
                0x0800053b                        _sidata = LOADADDR (.data)

.rel.dyn        0x0800053c        0x0
 .rel.iplt      0x0800053c        0x0 src/main.o

.data           0x20000000        0x0 load address 0x0800053b
                0x20000000                        _sdata = .
 *(.data)
 *(.data.*)
                0x20000000                        _edata = .

.igot.plt       0x20000000        0x0 load address 0x0800053b
 .igot.plt      0x20000000        0x0 src/main.o

.bss            0x20000000        0x0 load address 0x0800053b
                0x20000000                        _sbss = .
 *(.bss)
 *(.bss.*)
 *(COMMON)
                0x20000000                        _ebss = .
                0x20000000                        . = ALIGN (0x8)
                0x20000000                        _end = .
OUTPUT(bootloader.elf elf32-littlearm)
LOAD linker stubs

.comment        0x00000000       0x1e
 .comment       0x00000000       0x1e src/main.o
                                 0x1f (size before relaxing)
 .comment       0x0000001e        0x0 src/flash.o
                                 0x1f (size before relaxing)
 .comment       0x0000001e        0x0 src/image.o
                                 0x1f (size before relaxing)

.ARM.attributes
                0x00000000       0x30
 .ARM.attributes
                0x00000000       0x2e src/main.o
 .ARM.attributes
                0x0000002e       0x2e src/flash.o
 .ARM.attributes
                0x0000005c       0x2e src/image.o
 .ARM.attributes
                0x0000008a       0x25 startup/startup.o
